---
http_interactions:
- request:
    method: get
    uri: https://api.github.com/repos/versioneye/jquery
    body:
      encoding: US-ASCII
      string: ''
    headers:
      Accept:
      - application/vnd.github.v3+json
      User-Agent:
      - Chrome/28(www.versioneye.com, contact@versioneye.com)
      Connection:
      - Keep-Alive
      - keep-alive
      Authorization:
      - token 8db49bc64f46ec9d73a4570903a24bf997b32a7e
      Keep-Alive:
      - 30
      Host:
      - api.github.com
  response:
    status:
      code: 200
      message: OK
    headers:
      Server:
      - GitHub.com
      Date:
      - Sat, 01 Feb 2014 17:49:52 GMT
      Content-Type:
      - application/json; charset=utf-8
      Status:
      - 200 OK
      X-Ratelimit-Limit:
      - '5000'
      X-Ratelimit-Remaining:
      - '4996'
      X-Ratelimit-Reset:
      - '1391280584'
      Cache-Control:
      - private, max-age=60, s-maxage=60
      Last-Modified:
      - Sat, 25 Jan 2014 16:44:25 GMT
      Etag:
      - '"7b7121f674a281086c9303f7b7c02928"'
      X-Oauth-Scopes:
      - user, public_repo, repo, gist
      X-Accepted-Oauth-Scopes:
      - repo
      Vary:
      - Accept, Authorization, Cookie, X-GitHub-OTP
      - Accept-Encoding
      X-Github-Media-Type:
      - github.v3; format=json
      X-Content-Type-Options:
      - nosniff
      Content-Length:
      - '14780'
      Access-Control-Allow-Credentials:
      - 'true'
      Access-Control-Expose-Headers:
      - ETag, Link, X-RateLimit-Limit, X-RateLimit-Remaining, X-RateLimit-Reset, X-OAuth-Scopes,
        X-Accepted-OAuth-Scopes, X-Poll-Interval
      Access-Control-Allow-Origin:
      - "*"
      X-Github-Request-Id:
      - 5CC605F2:55BB:47E79D4:52ED33C0
    body:
      encoding: UTF-8
      string: '{"id":16234889,"name":"jquery","full_name":"versioneye/jquery","owner":{"login":"versioneye","id":3974102,"avatar_url":"https://gravatar.com/avatar/879225ddb1056345f41cdb5575ed13f7?d=https%3A%2F%2Fidenticons.github.com%2F11a280b4b747132f97c9ed8f71d740ac.png&r=x","gravatar_id":"879225ddb1056345f41cdb5575ed13f7","url":"https://api.github.com/users/versioneye","html_url":"https://github.com/versioneye","followers_url":"https://api.github.com/users/versioneye/followers","following_url":"https://api.github.com/users/versioneye/following{/other_user}","gists_url":"https://api.github.com/users/versioneye/gists{/gist_id}","starred_url":"https://api.github.com/users/versioneye/starred{/owner}{/repo}","subscriptions_url":"https://api.github.com/users/versioneye/subscriptions","organizations_url":"https://api.github.com/users/versioneye/orgs","repos_url":"https://api.github.com/users/versioneye/repos","events_url":"https://api.github.com/users/versioneye/events{/privacy}","received_events_url":"https://api.github.com/users/versioneye/received_events","type":"Organization","site_admin":false},"private":false,"html_url":"https://github.com/versioneye/jquery","description":"jQuery
        JavaScript Library","fork":true,"url":"https://api.github.com/repos/versioneye/jquery","forks_url":"https://api.github.com/repos/versioneye/jquery/forks","keys_url":"https://api.github.com/repos/versioneye/jquery/keys{/key_id}","collaborators_url":"https://api.github.com/repos/versioneye/jquery/collaborators{/collaborator}","teams_url":"https://api.github.com/repos/versioneye/jquery/teams","hooks_url":"https://api.github.com/repos/versioneye/jquery/hooks","issue_events_url":"https://api.github.com/repos/versioneye/jquery/issues/events{/number}","events_url":"https://api.github.com/repos/versioneye/jquery/events","assignees_url":"https://api.github.com/repos/versioneye/jquery/assignees{/user}","branches_url":"https://api.github.com/repos/versioneye/jquery/branches{/branch}","tags_url":"https://api.github.com/repos/versioneye/jquery/tags","blobs_url":"https://api.github.com/repos/versioneye/jquery/git/blobs{/sha}","git_tags_url":"https://api.github.com/repos/versioneye/jquery/git/tags{/sha}","git_refs_url":"https://api.github.com/repos/versioneye/jquery/git/refs{/sha}","trees_url":"https://api.github.com/repos/versioneye/jquery/git/trees{/sha}","statuses_url":"https://api.github.com/repos/versioneye/jquery/statuses/{sha}","languages_url":"https://api.github.com/repos/versioneye/jquery/languages","stargazers_url":"https://api.github.com/repos/versioneye/jquery/stargazers","contributors_url":"https://api.github.com/repos/versioneye/jquery/contributors","subscribers_url":"https://api.github.com/repos/versioneye/jquery/subscribers","subscription_url":"https://api.github.com/repos/versioneye/jquery/subscription","commits_url":"https://api.github.com/repos/versioneye/jquery/commits{/sha}","git_commits_url":"https://api.github.com/repos/versioneye/jquery/git/commits{/sha}","comments_url":"https://api.github.com/repos/versioneye/jquery/comments{/number}","issue_comment_url":"https://api.github.com/repos/versioneye/jquery/issues/comments/{number}","contents_url":"https://api.github.com/repos/versioneye/jquery/contents/{+path}","compare_url":"https://api.github.com/repos/versioneye/jquery/compare/{base}...{head}","merges_url":"https://api.github.com/repos/versioneye/jquery/merges","archive_url":"https://api.github.com/repos/versioneye/jquery/{archive_format}{/ref}","downloads_url":"https://api.github.com/repos/versioneye/jquery/downloads","issues_url":"https://api.github.com/repos/versioneye/jquery/issues{/number}","pulls_url":"https://api.github.com/repos/versioneye/jquery/pulls{/number}","milestones_url":"https://api.github.com/repos/versioneye/jquery/milestones{/number}","notifications_url":"https://api.github.com/repos/versioneye/jquery/notifications{?since,all,participating}","labels_url":"https://api.github.com/repos/versioneye/jquery/labels{/name}","releases_url":"https://api.github.com/repos/versioneye/jquery/releases{/id}","created_at":"2014-01-25T16:44:16Z","updated_at":"2014-01-25T16:44:25Z","pushed_at":"2014-01-25T07:22:46Z","git_url":"git://github.com/versioneye/jquery.git","ssh_url":"git@github.com:versioneye/jquery.git","clone_url":"https://github.com/versioneye/jquery.git","svn_url":"https://github.com/versioneye/jquery","homepage":"http://jquery.com/","size":18528,"stargazers_count":0,"watchers_count":0,"language":"JavaScript","has_issues":false,"has_downloads":false,"has_wiki":true,"forks_count":0,"mirror_url":null,"open_issues_count":0,"forks":0,"open_issues":0,"watchers":0,"default_branch":"master","permissions":{"admin":false,"push":false,"pull":true},"organization":{"login":"versioneye","id":3974102,"avatar_url":"https://gravatar.com/avatar/879225ddb1056345f41cdb5575ed13f7?d=https%3A%2F%2Fidenticons.github.com%2F11a280b4b747132f97c9ed8f71d740ac.png&r=x","gravatar_id":"879225ddb1056345f41cdb5575ed13f7","url":"https://api.github.com/users/versioneye","html_url":"https://github.com/versioneye","followers_url":"https://api.github.com/users/versioneye/followers","following_url":"https://api.github.com/users/versioneye/following{/other_user}","gists_url":"https://api.github.com/users/versioneye/gists{/gist_id}","starred_url":"https://api.github.com/users/versioneye/starred{/owner}{/repo}","subscriptions_url":"https://api.github.com/users/versioneye/subscriptions","organizations_url":"https://api.github.com/users/versioneye/orgs","repos_url":"https://api.github.com/users/versioneye/repos","events_url":"https://api.github.com/users/versioneye/events{/privacy}","received_events_url":"https://api.github.com/users/versioneye/received_events","type":"Organization","site_admin":false},"parent":{"id":167174,"name":"jquery","full_name":"jquery/jquery","owner":{"login":"jquery","id":70142,"avatar_url":"https://gravatar.com/avatar/6906f317a4733f4379b06c32229ef02f?d=https%3A%2F%2Fidenticons.github.com%2Ff426f04f2f9813718fb806b30e0093de.png&r=x","gravatar_id":"6906f317a4733f4379b06c32229ef02f","url":"https://api.github.com/users/jquery","html_url":"https://github.com/jquery","followers_url":"https://api.github.com/users/jquery/followers","following_url":"https://api.github.com/users/jquery/following{/other_user}","gists_url":"https://api.github.com/users/jquery/gists{/gist_id}","starred_url":"https://api.github.com/users/jquery/starred{/owner}{/repo}","subscriptions_url":"https://api.github.com/users/jquery/subscriptions","organizations_url":"https://api.github.com/users/jquery/orgs","repos_url":"https://api.github.com/users/jquery/repos","events_url":"https://api.github.com/users/jquery/events{/privacy}","received_events_url":"https://api.github.com/users/jquery/received_events","type":"Organization","site_admin":false},"private":false,"html_url":"https://github.com/jquery/jquery","description":"jQuery
        JavaScript Library","fork":false,"url":"https://api.github.com/repos/jquery/jquery","forks_url":"https://api.github.com/repos/jquery/jquery/forks","keys_url":"https://api.github.com/repos/jquery/jquery/keys{/key_id}","collaborators_url":"https://api.github.com/repos/jquery/jquery/collaborators{/collaborator}","teams_url":"https://api.github.com/repos/jquery/jquery/teams","hooks_url":"https://api.github.com/repos/jquery/jquery/hooks","issue_events_url":"https://api.github.com/repos/jquery/jquery/issues/events{/number}","events_url":"https://api.github.com/repos/jquery/jquery/events","assignees_url":"https://api.github.com/repos/jquery/jquery/assignees{/user}","branches_url":"https://api.github.com/repos/jquery/jquery/branches{/branch}","tags_url":"https://api.github.com/repos/jquery/jquery/tags","blobs_url":"https://api.github.com/repos/jquery/jquery/git/blobs{/sha}","git_tags_url":"https://api.github.com/repos/jquery/jquery/git/tags{/sha}","git_refs_url":"https://api.github.com/repos/jquery/jquery/git/refs{/sha}","trees_url":"https://api.github.com/repos/jquery/jquery/git/trees{/sha}","statuses_url":"https://api.github.com/repos/jquery/jquery/statuses/{sha}","languages_url":"https://api.github.com/repos/jquery/jquery/languages","stargazers_url":"https://api.github.com/repos/jquery/jquery/stargazers","contributors_url":"https://api.github.com/repos/jquery/jquery/contributors","subscribers_url":"https://api.github.com/repos/jquery/jquery/subscribers","subscription_url":"https://api.github.com/repos/jquery/jquery/subscription","commits_url":"https://api.github.com/repos/jquery/jquery/commits{/sha}","git_commits_url":"https://api.github.com/repos/jquery/jquery/git/commits{/sha}","comments_url":"https://api.github.com/repos/jquery/jquery/comments{/number}","issue_comment_url":"https://api.github.com/repos/jquery/jquery/issues/comments/{number}","contents_url":"https://api.github.com/repos/jquery/jquery/contents/{+path}","compare_url":"https://api.github.com/repos/jquery/jquery/compare/{base}...{head}","merges_url":"https://api.github.com/repos/jquery/jquery/merges","archive_url":"https://api.github.com/repos/jquery/jquery/{archive_format}{/ref}","downloads_url":"https://api.github.com/repos/jquery/jquery/downloads","issues_url":"https://api.github.com/repos/jquery/jquery/issues{/number}","pulls_url":"https://api.github.com/repos/jquery/jquery/pulls{/number}","milestones_url":"https://api.github.com/repos/jquery/jquery/milestones{/number}","notifications_url":"https://api.github.com/repos/jquery/jquery/notifications{?since,all,participating}","labels_url":"https://api.github.com/repos/jquery/jquery/labels{/name}","releases_url":"https://api.github.com/repos/jquery/jquery/releases{/id}","created_at":"2009-04-03T15:20:14Z","updated_at":"2014-01-29T13:19:39Z","pushed_at":"2014-01-29T13:19:37Z","git_url":"git://github.com/jquery/jquery.git","ssh_url":"git@github.com:jquery/jquery.git","clone_url":"https://github.com/jquery/jquery.git","svn_url":"https://github.com/jquery/jquery","homepage":"http://jquery.com/","size":29209,"stargazers_count":28588,"watchers_count":28588,"language":"JavaScript","has_issues":false,"has_downloads":false,"has_wiki":true,"forks_count":6165,"mirror_url":null,"open_issues_count":23,"forks":6165,"open_issues":23,"watchers":28588,"default_branch":"master","master_branch":"master"},"source":{"id":167174,"name":"jquery","full_name":"jquery/jquery","owner":{"login":"jquery","id":70142,"avatar_url":"https://gravatar.com/avatar/6906f317a4733f4379b06c32229ef02f?d=https%3A%2F%2Fidenticons.github.com%2Ff426f04f2f9813718fb806b30e0093de.png&r=x","gravatar_id":"6906f317a4733f4379b06c32229ef02f","url":"https://api.github.com/users/jquery","html_url":"https://github.com/jquery","followers_url":"https://api.github.com/users/jquery/followers","following_url":"https://api.github.com/users/jquery/following{/other_user}","gists_url":"https://api.github.com/users/jquery/gists{/gist_id}","starred_url":"https://api.github.com/users/jquery/starred{/owner}{/repo}","subscriptions_url":"https://api.github.com/users/jquery/subscriptions","organizations_url":"https://api.github.com/users/jquery/orgs","repos_url":"https://api.github.com/users/jquery/repos","events_url":"https://api.github.com/users/jquery/events{/privacy}","received_events_url":"https://api.github.com/users/jquery/received_events","type":"Organization","site_admin":false},"private":false,"html_url":"https://github.com/jquery/jquery","description":"jQuery
        JavaScript Library","fork":false,"url":"https://api.github.com/repos/jquery/jquery","forks_url":"https://api.github.com/repos/jquery/jquery/forks","keys_url":"https://api.github.com/repos/jquery/jquery/keys{/key_id}","collaborators_url":"https://api.github.com/repos/jquery/jquery/collaborators{/collaborator}","teams_url":"https://api.github.com/repos/jquery/jquery/teams","hooks_url":"https://api.github.com/repos/jquery/jquery/hooks","issue_events_url":"https://api.github.com/repos/jquery/jquery/issues/events{/number}","events_url":"https://api.github.com/repos/jquery/jquery/events","assignees_url":"https://api.github.com/repos/jquery/jquery/assignees{/user}","branches_url":"https://api.github.com/repos/jquery/jquery/branches{/branch}","tags_url":"https://api.github.com/repos/jquery/jquery/tags","blobs_url":"https://api.github.com/repos/jquery/jquery/git/blobs{/sha}","git_tags_url":"https://api.github.com/repos/jquery/jquery/git/tags{/sha}","git_refs_url":"https://api.github.com/repos/jquery/jquery/git/refs{/sha}","trees_url":"https://api.github.com/repos/jquery/jquery/git/trees{/sha}","statuses_url":"https://api.github.com/repos/jquery/jquery/statuses/{sha}","languages_url":"https://api.github.com/repos/jquery/jquery/languages","stargazers_url":"https://api.github.com/repos/jquery/jquery/stargazers","contributors_url":"https://api.github.com/repos/jquery/jquery/contributors","subscribers_url":"https://api.github.com/repos/jquery/jquery/subscribers","subscription_url":"https://api.github.com/repos/jquery/jquery/subscription","commits_url":"https://api.github.com/repos/jquery/jquery/commits{/sha}","git_commits_url":"https://api.github.com/repos/jquery/jquery/git/commits{/sha}","comments_url":"https://api.github.com/repos/jquery/jquery/comments{/number}","issue_comment_url":"https://api.github.com/repos/jquery/jquery/issues/comments/{number}","contents_url":"https://api.github.com/repos/jquery/jquery/contents/{+path}","compare_url":"https://api.github.com/repos/jquery/jquery/compare/{base}...{head}","merges_url":"https://api.github.com/repos/jquery/jquery/merges","archive_url":"https://api.github.com/repos/jquery/jquery/{archive_format}{/ref}","downloads_url":"https://api.github.com/repos/jquery/jquery/downloads","issues_url":"https://api.github.com/repos/jquery/jquery/issues{/number}","pulls_url":"https://api.github.com/repos/jquery/jquery/pulls{/number}","milestones_url":"https://api.github.com/repos/jquery/jquery/milestones{/number}","notifications_url":"https://api.github.com/repos/jquery/jquery/notifications{?since,all,participating}","labels_url":"https://api.github.com/repos/jquery/jquery/labels{/name}","releases_url":"https://api.github.com/repos/jquery/jquery/releases{/id}","created_at":"2009-04-03T15:20:14Z","updated_at":"2014-01-29T13:19:39Z","pushed_at":"2014-01-29T13:19:37Z","git_url":"git://github.com/jquery/jquery.git","ssh_url":"git@github.com:jquery/jquery.git","clone_url":"https://github.com/jquery/jquery.git","svn_url":"https://github.com/jquery/jquery","homepage":"http://jquery.com/","size":29209,"stargazers_count":28588,"watchers_count":28588,"language":"JavaScript","has_issues":false,"has_downloads":false,"has_wiki":true,"forks_count":6165,"mirror_url":null,"open_issues_count":23,"forks":6165,"open_issues":23,"watchers":28588,"default_branch":"master","master_branch":"master"},"network_count":6165,"subscribers_count":2}'
    http_version: 
  recorded_at: Sat, 01 Feb 2014 17:49:52 GMT
- request:
    method: get
    uri: https://raw.github.com/versioneye/jquery/master/bower.json
    body:
      encoding: US-ASCII
      string: ''
    headers: {}
  response:
    status:
      code: 200
      message: OK
    headers:
      Date:
      - Sat, 01 Feb 2014 17:49:52 GMT
      Server:
      - GitHub.com
      Content-Type:
      - text/plain; charset=utf-8
      Status:
      - 200 OK
      Strict-Transport-Security:
      - max-age=31536000
      X-Xss-Protection:
      - 1; mode=block
      X-Content-Type-Options:
      - nosniff
      X-Frame-Options:
      - deny
      Content-Security-Policy:
      - default-src *; script-src 'self' https://github.global.ssl.fastly.net https://ssl.google-analytics.com
        https://collector-cdn.github.com https://analytics.githubapp.com https://embed.github.com
        https://raw.github.com; style-src 'self' 'unsafe-inline' https://github.global.ssl.fastly.net;
        object-src 'self' https://github.global.ssl.fastly.net
      X-Ratelimit-Limit:
      - '100'
      X-Ratelimit-Remaining:
      - '100'
      Access-Control-Allow-Origin:
      - https://render.github.com
      X-Git-Blob-Oid:
      - 5572668baed18c5728e9e027eecefc5c4aef6525
      Content-Disposition:
      - inline
      Content-Transfer-Encoding:
      - binary
      X-Runtime:
      - '6'
      Etag:
      - '"128e65dd783403b0d87e7623de014cdb"'
      X-Github-Request-Id:
      - B91F1117:29EF:2AC3988:52ED33B9
      Content-Length:
      - '423'
      Accept-Ranges:
      - bytes
      Via:
      - 1.1 varnish
      Age:
      - '7'
      X-Served-By:
      - cache-fra1221-FRA
      X-Cache:
      - MISS
      X-Cache-Hits:
      - '0'
      Vary:
      - Accept-Encoding
      Cache-Control:
      - private
    body:
      encoding: UTF-8
      string: |
        {
          "name": "jquery",
          "version": "2.1.1pre",
          "ignore": [
            "**/.*",
            "build",
            "speed",
            "test",
            "*.md",
            "AUTHORS.txt",
            "Gruntfile.js",
            "package.json",
            "bower.json"
          ],
          "dependencies": {
            "sizzle": "1.10.16"
          },
          "devDependencies": {
            "requirejs": "~2.1.8",
            "qunit": "~1.12.0",
            "sinon": "~1.7.3"
          },
          "keywords": [
            "jquery",
            "javascript",
            "library"
          ]
        }
    http_version: 
  recorded_at: Sat, 01 Feb 2014 17:49:52 GMT
- request:
    method: get
    uri: https://api.github.com/repos/versioneye/jquery/tags
    body:
      encoding: US-ASCII
      string: ''
    headers:
      Accept:
      - application/vnd.github.v3+json
      User-Agent:
      - Chrome/28(www.versioneye.com, contact@versioneye.com)
      Connection:
      - Keep-Alive
      - keep-alive
      Authorization:
      - token 8db49bc64f46ec9d73a4570903a24bf997b32a7e
      Keep-Alive:
      - 30
  response:
    status:
      code: 200
      message: OK
    headers:
      Server:
      - GitHub.com
      Date:
      - Sat, 01 Feb 2014 17:49:53 GMT
      Content-Type:
      - application/json; charset=utf-8
      Status:
      - 200 OK
      X-Ratelimit-Limit:
      - '5000'
      X-Ratelimit-Remaining:
      - '4995'
      X-Ratelimit-Reset:
      - '1391280584'
      Cache-Control:
      - private, max-age=60, s-maxage=60
      Last-Modified:
      - Sat, 25 Jan 2014 16:44:25 GMT
      Etag:
      - '"7b7121f674a281086c9303f7b7c02928"'
      X-Oauth-Scopes:
      - user, public_repo, repo, gist
      X-Accepted-Oauth-Scopes:
      - repo
      Vary:
      - Accept, Authorization, Cookie, X-GitHub-OTP
      - Accept-Encoding
      X-Github-Media-Type:
      - github.v3; format=json
      X-Content-Type-Options:
      - nosniff
      Content-Length:
      - '36870'
      Access-Control-Allow-Credentials:
      - 'true'
      Access-Control-Expose-Headers:
      - ETag, Link, X-RateLimit-Limit, X-RateLimit-Remaining, X-RateLimit-Reset, X-OAuth-Scopes,
        X-Accepted-OAuth-Scopes, X-Poll-Interval
      Access-Control-Allow-Origin:
      - "*"
      X-Github-Request-Id:
      - 5CC605F2:55B7:314947C:52ED33C0
    body:
      encoding: UTF-8
      string: '[{"name":"2.1.0-rc1","zipball_url":"https://api.github.com/repos/versioneye/jquery/zipball/2.1.0-rc1","tarball_url":"https://api.github.com/repos/versioneye/jquery/tarball/2.1.0-rc1","commit":{"sha":"dea4e5fc6c47a27865de65ec6feef3429dbf13b9","url":"https://api.github.com/repos/versioneye/jquery/commits/dea4e5fc6c47a27865de65ec6feef3429dbf13b9"}},{"name":"2.1.0-beta3","zipball_url":"https://api.github.com/repos/versioneye/jquery/zipball/2.1.0-beta3","tarball_url":"https://api.github.com/repos/versioneye/jquery/tarball/2.1.0-beta3","commit":{"sha":"dfb03b41baa583ec79bd28c110278ce0268b4704","url":"https://api.github.com/repos/versioneye/jquery/commits/dfb03b41baa583ec79bd28c110278ce0268b4704"}},{"name":"2.1.0-beta2","zipball_url":"https://api.github.com/repos/versioneye/jquery/zipball/2.1.0-beta2","tarball_url":"https://api.github.com/repos/versioneye/jquery/tarball/2.1.0-beta2","commit":{"sha":"adf904ccfaf3b34134ac2bbcec0db83e43d43be8","url":"https://api.github.com/repos/versioneye/jquery/commits/adf904ccfaf3b34134ac2bbcec0db83e43d43be8"}},{"name":"2.1.0-beta1","zipball_url":"https://api.github.com/repos/versioneye/jquery/zipball/2.1.0-beta1","tarball_url":"https://api.github.com/repos/versioneye/jquery/tarball/2.1.0-beta1","commit":{"sha":"1185427c4c35ea57e3634ca735422e23d2e55751","url":"https://api.github.com/repos/versioneye/jquery/commits/1185427c4c35ea57e3634ca735422e23d2e55751"}},{"name":"2.1.0","zipball_url":"https://api.github.com/repos/versioneye/jquery/zipball/2.1.0","tarball_url":"https://api.github.com/repos/versioneye/jquery/tarball/2.1.0","commit":{"sha":"cac43f3ef791b7e68c1917a734fb92e04450c111","url":"https://api.github.com/repos/versioneye/jquery/commits/cac43f3ef791b7e68c1917a734fb92e04450c111"}},{"name":"2.0.3","zipball_url":"https://api.github.com/repos/versioneye/jquery/zipball/2.0.3","tarball_url":"https://api.github.com/repos/versioneye/jquery/tarball/2.0.3","commit":{"sha":"f576d00d9fe48b5e6f9c1c8d3287f2b893937dbb","url":"https://api.github.com/repos/versioneye/jquery/commits/f576d00d9fe48b5e6f9c1c8d3287f2b893937dbb"}},{"name":"2.0.2","zipball_url":"https://api.github.com/repos/versioneye/jquery/zipball/2.0.2","tarball_url":"https://api.github.com/repos/versioneye/jquery/tarball/2.0.2","commit":{"sha":"b21c88ff0c293db0711d378411901259052ca2b4","url":"https://api.github.com/repos/versioneye/jquery/commits/b21c88ff0c293db0711d378411901259052ca2b4"}},{"name":"2.0.1","zipball_url":"https://api.github.com/repos/versioneye/jquery/zipball/2.0.1","tarball_url":"https://api.github.com/repos/versioneye/jquery/tarball/2.0.1","commit":{"sha":"6190370ab7406b526c29cda0a4c8301b6a259660","url":"https://api.github.com/repos/versioneye/jquery/commits/6190370ab7406b526c29cda0a4c8301b6a259660"}},{"name":"2.0.0-beta3","zipball_url":"https://api.github.com/repos/versioneye/jquery/zipball/2.0.0-beta3","tarball_url":"https://api.github.com/repos/versioneye/jquery/tarball/2.0.0-beta3","commit":{"sha":"baa50b5e1709dc66354c647e14ac819338cdf5b9","url":"https://api.github.com/repos/versioneye/jquery/commits/baa50b5e1709dc66354c647e14ac819338cdf5b9"}},{"name":"2.0.0b2","zipball_url":"https://api.github.com/repos/versioneye/jquery/zipball/2.0.0b2","tarball_url":"https://api.github.com/repos/versioneye/jquery/tarball/2.0.0b2","commit":{"sha":"4cbc235c0d6c9ef5e11c4fc243275e38e9044cb4","url":"https://api.github.com/repos/versioneye/jquery/commits/4cbc235c0d6c9ef5e11c4fc243275e38e9044cb4"}},{"name":"2.0.0b1","zipball_url":"https://api.github.com/repos/versioneye/jquery/zipball/2.0.0b1","tarball_url":"https://api.github.com/repos/versioneye/jquery/tarball/2.0.0b1","commit":{"sha":"2cc06af007ad2f85b52ee757296d235fcf93337a","url":"https://api.github.com/repos/versioneye/jquery/commits/2cc06af007ad2f85b52ee757296d235fcf93337a"}},{"name":"2.0.0","zipball_url":"https://api.github.com/repos/versioneye/jquery/zipball/2.0.0","tarball_url":"https://api.github.com/repos/versioneye/jquery/tarball/2.0.0","commit":{"sha":"6aaa8a113fd067b493fd365dae829472f9da351d","url":"https://api.github.com/repos/versioneye/jquery/commits/6aaa8a113fd067b493fd365dae829472f9da351d"}},{"name":"1.11.0-rc1","zipball_url":"https://api.github.com/repos/versioneye/jquery/zipball/1.11.0-rc1","tarball_url":"https://api.github.com/repos/versioneye/jquery/tarball/1.11.0-rc1","commit":{"sha":"5c62f3cd019218e1b401ce2cf4cad644772e387f","url":"https://api.github.com/repos/versioneye/jquery/commits/5c62f3cd019218e1b401ce2cf4cad644772e387f"}},{"name":"1.11.0-beta3","zipball_url":"https://api.github.com/repos/versioneye/jquery/zipball/1.11.0-beta3","tarball_url":"https://api.github.com/repos/versioneye/jquery/tarball/1.11.0-beta3","commit":{"sha":"5bb568cd61cb127ef4ebcc63bb48a37cd5af562d","url":"https://api.github.com/repos/versioneye/jquery/commits/5bb568cd61cb127ef4ebcc63bb48a37cd5af562d"}},{"name":"1.11.0-beta2","zipball_url":"https://api.github.com/repos/versioneye/jquery/zipball/1.11.0-beta2","tarball_url":"https://api.github.com/repos/versioneye/jquery/tarball/1.11.0-beta2","commit":{"sha":"02cb5be0bb5a49cda3a187d169d89d91874bbf1e","url":"https://api.github.com/repos/versioneye/jquery/commits/02cb5be0bb5a49cda3a187d169d89d91874bbf1e"}},{"name":"1.11.0-beta1","zipball_url":"https://api.github.com/repos/versioneye/jquery/zipball/1.11.0-beta1","tarball_url":"https://api.github.com/repos/versioneye/jquery/tarball/1.11.0-beta1","commit":{"sha":"b44595824c3f23441eab2f34551587c5ae6fd31c","url":"https://api.github.com/repos/versioneye/jquery/commits/b44595824c3f23441eab2f34551587c5ae6fd31c"}},{"name":"1.11.0","zipball_url":"https://api.github.com/repos/versioneye/jquery/zipball/1.11.0","tarball_url":"https://api.github.com/repos/versioneye/jquery/tarball/1.11.0","commit":{"sha":"c4fb2008f28dc7c0030f545195455023674301de","url":"https://api.github.com/repos/versioneye/jquery/commits/c4fb2008f28dc7c0030f545195455023674301de"}},{"name":"1.10.2","zipball_url":"https://api.github.com/repos/versioneye/jquery/zipball/1.10.2","tarball_url":"https://api.github.com/repos/versioneye/jquery/tarball/1.10.2","commit":{"sha":"3b0b953d98bd13efd8c6b37d5318c5bf1e74931c","url":"https://api.github.com/repos/versioneye/jquery/commits/3b0b953d98bd13efd8c6b37d5318c5bf1e74931c"}},{"name":"1.10.1","zipball_url":"https://api.github.com/repos/versioneye/jquery/zipball/1.10.1","tarball_url":"https://api.github.com/repos/versioneye/jquery/tarball/1.10.1","commit":{"sha":"3a67de7635fc2faa09c0943018500394d6acd550","url":"https://api.github.com/repos/versioneye/jquery/commits/3a67de7635fc2faa09c0943018500394d6acd550"}},{"name":"1.10.0-beta1","zipball_url":"https://api.github.com/repos/versioneye/jquery/zipball/1.10.0-beta1","tarball_url":"https://api.github.com/repos/versioneye/jquery/tarball/1.10.0-beta1","commit":{"sha":"3a8fcde250da0db237396e9ab97fb099eb68c624","url":"https://api.github.com/repos/versioneye/jquery/commits/3a8fcde250da0db237396e9ab97fb099eb68c624"}},{"name":"1.10.0","zipball_url":"https://api.github.com/repos/versioneye/jquery/zipball/1.10.0","tarball_url":"https://api.github.com/repos/versioneye/jquery/tarball/1.10.0","commit":{"sha":"61bc65ed043509db804def7b8ec15027a2bf661d","url":"https://api.github.com/repos/versioneye/jquery/commits/61bc65ed043509db804def7b8ec15027a2bf661d"}},{"name":"1.9.1","zipball_url":"https://api.github.com/repos/versioneye/jquery/zipball/1.9.1","tarball_url":"https://api.github.com/repos/versioneye/jquery/tarball/1.9.1","commit":{"sha":"28d946384799abcd7608c3beda898a0a11ac88d7","url":"https://api.github.com/repos/versioneye/jquery/commits/28d946384799abcd7608c3beda898a0a11ac88d7"}},{"name":"1.9.0rc1","zipball_url":"https://api.github.com/repos/versioneye/jquery/zipball/1.9.0rc1","tarball_url":"https://api.github.com/repos/versioneye/jquery/tarball/1.9.0rc1","commit":{"sha":"11eb1c4e4844650fde794e08d149a09a359e2cda","url":"https://api.github.com/repos/versioneye/jquery/commits/11eb1c4e4844650fde794e08d149a09a359e2cda"}},{"name":"1.9.0b1","zipball_url":"https://api.github.com/repos/versioneye/jquery/zipball/1.9.0b1","tarball_url":"https://api.github.com/repos/versioneye/jquery/tarball/1.9.0b1","commit":{"sha":"d2262fbd9b26d9ac53b88a7f4eea246f7bac1776","url":"https://api.github.com/repos/versioneye/jquery/commits/d2262fbd9b26d9ac53b88a7f4eea246f7bac1776"}},{"name":"1.9.0","zipball_url":"https://api.github.com/repos/versioneye/jquery/zipball/1.9.0","tarball_url":"https://api.github.com/repos/versioneye/jquery/tarball/1.9.0","commit":{"sha":"8574d8bd709b7ed1211f60e575cfd97705f077de","url":"https://api.github.com/repos/versioneye/jquery/commits/8574d8bd709b7ed1211f60e575cfd97705f077de"}},{"name":"1.8rc1","zipball_url":"https://api.github.com/repos/versioneye/jquery/zipball/1.8rc1","tarball_url":"https://api.github.com/repos/versioneye/jquery/tarball/1.8rc1","commit":{"sha":"e02e61ca87e58beb8a05708b686bca74e54a07dd","url":"https://api.github.com/repos/versioneye/jquery/commits/e02e61ca87e58beb8a05708b686bca74e54a07dd"}},{"name":"1.8b2","zipball_url":"https://api.github.com/repos/versioneye/jquery/zipball/1.8b2","tarball_url":"https://api.github.com/repos/versioneye/jquery/tarball/1.8b2","commit":{"sha":"a7df439e24e9b087a540ef7c658e5fec65d538c8","url":"https://api.github.com/repos/versioneye/jquery/commits/a7df439e24e9b087a540ef7c658e5fec65d538c8"}},{"name":"1.8b1","zipball_url":"https://api.github.com/repos/versioneye/jquery/zipball/1.8b1","tarball_url":"https://api.github.com/repos/versioneye/jquery/tarball/1.8b1","commit":{"sha":"2236c55b9135dc9867218cc35b713bacdd0a8350","url":"https://api.github.com/repos/versioneye/jquery/commits/2236c55b9135dc9867218cc35b713bacdd0a8350"}},{"name":"1.8.3+1","zipball_url":"https://api.github.com/repos/versioneye/jquery/zipball/1.8.3+1","tarball_url":"https://api.github.com/repos/versioneye/jquery/tarball/1.8.3+1","commit":{"sha":"4b2e9799512135f817c9a54ed3e8f0e006a489c2","url":"https://api.github.com/repos/versioneye/jquery/commits/4b2e9799512135f817c9a54ed3e8f0e006a489c2"}},{"name":"1.8.3","zipball_url":"https://api.github.com/repos/versioneye/jquery/zipball/1.8.3","tarball_url":"https://api.github.com/repos/versioneye/jquery/tarball/1.8.3","commit":{"sha":"ab409d14bc6db42b4af3ba753be1b55fe8f897d8","url":"https://api.github.com/repos/versioneye/jquery/commits/ab409d14bc6db42b4af3ba753be1b55fe8f897d8"}},{"name":"1.8.2","zipball_url":"https://api.github.com/repos/versioneye/jquery/zipball/1.8.2","tarball_url":"https://api.github.com/repos/versioneye/jquery/tarball/1.8.2","commit":{"sha":"6e995583a11b63bf1d94142da6408955ee93e7cc","url":"https://api.github.com/repos/versioneye/jquery/commits/6e995583a11b63bf1d94142da6408955ee93e7cc"}},{"name":"1.8.1","zipball_url":"https://api.github.com/repos/versioneye/jquery/zipball/1.8.1","tarball_url":"https://api.github.com/repos/versioneye/jquery/tarball/1.8.1","commit":{"sha":"e06a8cae3a1de58b770a66cbd124cf50e809fb31","url":"https://api.github.com/repos/versioneye/jquery/commits/e06a8cae3a1de58b770a66cbd124cf50e809fb31"}},{"name":"1.8.0","zipball_url":"https://api.github.com/repos/versioneye/jquery/zipball/1.8.0","tarball_url":"https://api.github.com/repos/versioneye/jquery/tarball/1.8.0","commit":{"sha":"95559f5117c8a21c1b8cc99f4badc320fd3dcbda","url":"https://api.github.com/repos/versioneye/jquery/commits/95559f5117c8a21c1b8cc99f4badc320fd3dcbda"}},{"name":"1.7rc2","zipball_url":"https://api.github.com/repos/versioneye/jquery/zipball/1.7rc2","tarball_url":"https://api.github.com/repos/versioneye/jquery/tarball/1.7rc2","commit":{"sha":"cae1b6174917df3b4db661f20ef4745dd6e7f305","url":"https://api.github.com/repos/versioneye/jquery/commits/cae1b6174917df3b4db661f20ef4745dd6e7f305"}},{"name":"1.7rc1","zipball_url":"https://api.github.com/repos/versioneye/jquery/zipball/1.7rc1","tarball_url":"https://api.github.com/repos/versioneye/jquery/tarball/1.7rc1","commit":{"sha":"8e64b937eae1cadcfc088cc5ab6e2ef278435a5f","url":"https://api.github.com/repos/versioneye/jquery/commits/8e64b937eae1cadcfc088cc5ab6e2ef278435a5f"}},{"name":"1.7b2","zipball_url":"https://api.github.com/repos/versioneye/jquery/zipball/1.7b2","tarball_url":"https://api.github.com/repos/versioneye/jquery/tarball/1.7b2","commit":{"sha":"787ef720abc10ee8d3b29c4b83d1bfbc9ac37ad8","url":"https://api.github.com/repos/versioneye/jquery/commits/787ef720abc10ee8d3b29c4b83d1bfbc9ac37ad8"}},{"name":"1.7b1","zipball_url":"https://api.github.com/repos/versioneye/jquery/zipball/1.7b1","tarball_url":"https://api.github.com/repos/versioneye/jquery/tarball/1.7b1","commit":{"sha":"9a51bc648f303a1c308b0de3ea31f2e9b4304135","url":"https://api.github.com/repos/versioneye/jquery/commits/9a51bc648f303a1c308b0de3ea31f2e9b4304135"}},{"name":"1.7.2rc1","zipball_url":"https://api.github.com/repos/versioneye/jquery/zipball/1.7.2rc1","tarball_url":"https://api.github.com/repos/versioneye/jquery/tarball/1.7.2rc1","commit":{"sha":"968e750673e9d1e16dfd4963e4fc934be488bdb0","url":"https://api.github.com/repos/versioneye/jquery/commits/968e750673e9d1e16dfd4963e4fc934be488bdb0"}},{"name":"1.7.2b1","zipball_url":"https://api.github.com/repos/versioneye/jquery/zipball/1.7.2b1","tarball_url":"https://api.github.com/repos/versioneye/jquery/tarball/1.7.2b1","commit":{"sha":"7a463c08139ce195883da6e8e847957de04b2bb9","url":"https://api.github.com/repos/versioneye/jquery/commits/7a463c08139ce195883da6e8e847957de04b2bb9"}},{"name":"1.7.2","zipball_url":"https://api.github.com/repos/versioneye/jquery/zipball/1.7.2","tarball_url":"https://api.github.com/repos/versioneye/jquery/tarball/1.7.2","commit":{"sha":"754bda21cbc5c9044daf7f968fb9b4ffae39e334","url":"https://api.github.com/repos/versioneye/jquery/commits/754bda21cbc5c9044daf7f968fb9b4ffae39e334"}},{"name":"1.7.1rc1","zipball_url":"https://api.github.com/repos/versioneye/jquery/zipball/1.7.1rc1","tarball_url":"https://api.github.com/repos/versioneye/jquery/tarball/1.7.1rc1","commit":{"sha":"8485e420dfcb0bba67d3e437b3f3722a9c90165b","url":"https://api.github.com/repos/versioneye/jquery/commits/8485e420dfcb0bba67d3e437b3f3722a9c90165b"}},{"name":"1.7.1","zipball_url":"https://api.github.com/repos/versioneye/jquery/zipball/1.7.1","tarball_url":"https://api.github.com/repos/versioneye/jquery/tarball/1.7.1","commit":{"sha":"255460e4836e86b86f48dd5b7d2a2cbf3f996de2","url":"https://api.github.com/repos/versioneye/jquery/commits/255460e4836e86b86f48dd5b7d2a2cbf3f996de2"}},{"name":"1.7","zipball_url":"https://api.github.com/repos/versioneye/jquery/zipball/1.7","tarball_url":"https://api.github.com/repos/versioneye/jquery/tarball/1.7","commit":{"sha":"47d66eaebd6d4a2ee3e037445bfac65d82fc6780","url":"https://api.github.com/repos/versioneye/jquery/commits/47d66eaebd6d4a2ee3e037445bfac65d82fc6780"}},{"name":"1.6rc1","zipball_url":"https://api.github.com/repos/versioneye/jquery/zipball/1.6rc1","tarball_url":"https://api.github.com/repos/versioneye/jquery/tarball/1.6rc1","commit":{"sha":"455edf197add9a9ea21ac7cf4266784a083c74ef","url":"https://api.github.com/repos/versioneye/jquery/commits/455edf197add9a9ea21ac7cf4266784a083c74ef"}},{"name":"1.6b1","zipball_url":"https://api.github.com/repos/versioneye/jquery/zipball/1.6b1","tarball_url":"https://api.github.com/repos/versioneye/jquery/tarball/1.6b1","commit":{"sha":"19ceebd0f4817ddb2b6593d172e36e96d384aabb","url":"https://api.github.com/repos/versioneye/jquery/commits/19ceebd0f4817ddb2b6593d172e36e96d384aabb"}},{"name":"1.6.4rc1","zipball_url":"https://api.github.com/repos/versioneye/jquery/zipball/1.6.4rc1","tarball_url":"https://api.github.com/repos/versioneye/jquery/tarball/1.6.4rc1","commit":{"sha":"215d096310663e2df302e0b13e82216a3ddde920","url":"https://api.github.com/repos/versioneye/jquery/commits/215d096310663e2df302e0b13e82216a3ddde920"}},{"name":"1.6.4","zipball_url":"https://api.github.com/repos/versioneye/jquery/zipball/1.6.4","tarball_url":"https://api.github.com/repos/versioneye/jquery/tarball/1.6.4","commit":{"sha":"f567a7fcfc9bd963142e6bb4fcf7923cacb582f1","url":"https://api.github.com/repos/versioneye/jquery/commits/f567a7fcfc9bd963142e6bb4fcf7923cacb582f1"}},{"name":"1.6.3rc1","zipball_url":"https://api.github.com/repos/versioneye/jquery/zipball/1.6.3rc1","tarball_url":"https://api.github.com/repos/versioneye/jquery/tarball/1.6.3rc1","commit":{"sha":"2fc6205fc7b9a6cfa0dd85f5ba24bc0953366e82","url":"https://api.github.com/repos/versioneye/jquery/commits/2fc6205fc7b9a6cfa0dd85f5ba24bc0953366e82"}},{"name":"1.6.3","zipball_url":"https://api.github.com/repos/versioneye/jquery/zipball/1.6.3","tarball_url":"https://api.github.com/repos/versioneye/jquery/tarball/1.6.3","commit":{"sha":"5e547826e19302e0e7c9b3f6e85cb59266925f1f","url":"https://api.github.com/repos/versioneye/jquery/commits/5e547826e19302e0e7c9b3f6e85cb59266925f1f"}},{"name":"1.6.2rc1","zipball_url":"https://api.github.com/repos/versioneye/jquery/zipball/1.6.2rc1","tarball_url":"https://api.github.com/repos/versioneye/jquery/tarball/1.6.2rc1","commit":{"sha":"d443e533aa83e89e6a1b02280dfc77f741cb4db6","url":"https://api.github.com/repos/versioneye/jquery/commits/d443e533aa83e89e6a1b02280dfc77f741cb4db6"}},{"name":"1.6.2","zipball_url":"https://api.github.com/repos/versioneye/jquery/zipball/1.6.2","tarball_url":"https://api.github.com/repos/versioneye/jquery/tarball/1.6.2","commit":{"sha":"aa6f8c8cd399d50e91dc0a3634395b6ebf54b209","url":"https://api.github.com/repos/versioneye/jquery/commits/aa6f8c8cd399d50e91dc0a3634395b6ebf54b209"}},{"name":"1.6.1rc1","zipball_url":"https://api.github.com/repos/versioneye/jquery/zipball/1.6.1rc1","tarball_url":"https://api.github.com/repos/versioneye/jquery/tarball/1.6.1rc1","commit":{"sha":"344af56868642b551de944a534493e6a72dd4776","url":"https://api.github.com/repos/versioneye/jquery/commits/344af56868642b551de944a534493e6a72dd4776"}},{"name":"1.6.1","zipball_url":"https://api.github.com/repos/versioneye/jquery/zipball/1.6.1","tarball_url":"https://api.github.com/repos/versioneye/jquery/tarball/1.6.1","commit":{"sha":"9fd37b2c8a512f5951c2eb7cd6cad34d9b12c02e","url":"https://api.github.com/repos/versioneye/jquery/commits/9fd37b2c8a512f5951c2eb7cd6cad34d9b12c02e"}},{"name":"1.6","zipball_url":"https://api.github.com/repos/versioneye/jquery/zipball/1.6","tarball_url":"https://api.github.com/repos/versioneye/jquery/tarball/1.6","commit":{"sha":"eae7c4111ca0eb41f645f4b8708a76c9865b0206","url":"https://api.github.com/repos/versioneye/jquery/commits/eae7c4111ca0eb41f645f4b8708a76c9865b0206"}},{"name":"1.5rc1","zipball_url":"https://api.github.com/repos/versioneye/jquery/zipball/1.5rc1","tarball_url":"https://api.github.com/repos/versioneye/jquery/tarball/1.5rc1","commit":{"sha":"9d306bd73bb47562cd52f0fc4cc158c534cfdfdf","url":"https://api.github.com/repos/versioneye/jquery/commits/9d306bd73bb47562cd52f0fc4cc158c534cfdfdf"}},{"name":"1.5b1","zipball_url":"https://api.github.com/repos/versioneye/jquery/zipball/1.5b1","tarball_url":"https://api.github.com/repos/versioneye/jquery/tarball/1.5b1","commit":{"sha":"bcdd4f817378d5c6c95646ef556e0ff4215bcb5f","url":"https://api.github.com/repos/versioneye/jquery/commits/bcdd4f817378d5c6c95646ef556e0ff4215bcb5f"}},{"name":"1.5.2rc1","zipball_url":"https://api.github.com/repos/versioneye/jquery/zipball/1.5.2rc1","tarball_url":"https://api.github.com/repos/versioneye/jquery/tarball/1.5.2rc1","commit":{"sha":"2d80710ab00a4f3e8420b315ce5e5137d562afda","url":"https://api.github.com/repos/versioneye/jquery/commits/2d80710ab00a4f3e8420b315ce5e5137d562afda"}},{"name":"1.5.2","zipball_url":"https://api.github.com/repos/versioneye/jquery/zipball/1.5.2","tarball_url":"https://api.github.com/repos/versioneye/jquery/tarball/1.5.2","commit":{"sha":"a507f719ab6f2836db0e1bd0c0b5231839c458eb","url":"https://api.github.com/repos/versioneye/jquery/commits/a507f719ab6f2836db0e1bd0c0b5231839c458eb"}},{"name":"1.5.1rc1","zipball_url":"https://api.github.com/repos/versioneye/jquery/zipball/1.5.1rc1","tarball_url":"https://api.github.com/repos/versioneye/jquery/tarball/1.5.1rc1","commit":{"sha":"13e11987545a67f9b4dabbe839c89b3f63c982a5","url":"https://api.github.com/repos/versioneye/jquery/commits/13e11987545a67f9b4dabbe839c89b3f63c982a5"}},{"name":"1.5.1","zipball_url":"https://api.github.com/repos/versioneye/jquery/zipball/1.5.1","tarball_url":"https://api.github.com/repos/versioneye/jquery/tarball/1.5.1","commit":{"sha":"2defcf96e571728b0a565527a532feb30466ebf4","url":"https://api.github.com/repos/versioneye/jquery/commits/2defcf96e571728b0a565527a532feb30466ebf4"}},{"name":"1.5","zipball_url":"https://api.github.com/repos/versioneye/jquery/zipball/1.5","tarball_url":"https://api.github.com/repos/versioneye/jquery/tarball/1.5","commit":{"sha":"8d8db3f2b3f8c3d41854726c8a0227f6deecc602","url":"https://api.github.com/repos/versioneye/jquery/commits/8d8db3f2b3f8c3d41854726c8a0227f6deecc602"}},{"name":"1.4rc1","zipball_url":"https://api.github.com/repos/versioneye/jquery/zipball/1.4rc1","tarball_url":"https://api.github.com/repos/versioneye/jquery/tarball/1.4rc1","commit":{"sha":"857d8afd6917775b7cef6fd22e57dd9acec77f01","url":"https://api.github.com/repos/versioneye/jquery/commits/857d8afd6917775b7cef6fd22e57dd9acec77f01"}},{"name":"1.4a2","zipball_url":"https://api.github.com/repos/versioneye/jquery/zipball/1.4a2","tarball_url":"https://api.github.com/repos/versioneye/jquery/tarball/1.4a2","commit":{"sha":"f745357baec82e0be59c651f70d1e489f237c398","url":"https://api.github.com/repos/versioneye/jquery/commits/f745357baec82e0be59c651f70d1e489f237c398"}},{"name":"1.4a1","zipball_url":"https://api.github.com/repos/versioneye/jquery/zipball/1.4a1","tarball_url":"https://api.github.com/repos/versioneye/jquery/tarball/1.4a1","commit":{"sha":"c90a1cb61b41a5686bc3764f144a156e734ed459","url":"https://api.github.com/repos/versioneye/jquery/commits/c90a1cb61b41a5686bc3764f144a156e734ed459"}},{"name":"1.4.4rc3","zipball_url":"https://api.github.com/repos/versioneye/jquery/zipball/1.4.4rc3","tarball_url":"https://api.github.com/repos/versioneye/jquery/tarball/1.4.4rc3","commit":{"sha":"50708c070704c607a0ddc51679b93845c8fee5e1","url":"https://api.github.com/repos/versioneye/jquery/commits/50708c070704c607a0ddc51679b93845c8fee5e1"}},{"name":"1.4.4rc2","zipball_url":"https://api.github.com/repos/versioneye/jquery/zipball/1.4.4rc2","tarball_url":"https://api.github.com/repos/versioneye/jquery/tarball/1.4.4rc2","commit":{"sha":"4d7f7453dca8e385cfb02089a8d5b2c47371bba3","url":"https://api.github.com/repos/versioneye/jquery/commits/4d7f7453dca8e385cfb02089a8d5b2c47371bba3"}},{"name":"1.4.4rc1","zipball_url":"https://api.github.com/repos/versioneye/jquery/zipball/1.4.4rc1","tarball_url":"https://api.github.com/repos/versioneye/jquery/tarball/1.4.4rc1","commit":{"sha":"c22623602ee3c9ff70df9e6f51132931d19bab04","url":"https://api.github.com/repos/versioneye/jquery/commits/c22623602ee3c9ff70df9e6f51132931d19bab04"}},{"name":"1.4.4","zipball_url":"https://api.github.com/repos/versioneye/jquery/zipball/1.4.4","tarball_url":"https://api.github.com/repos/versioneye/jquery/tarball/1.4.4","commit":{"sha":"902cc7947c1c6dd31ff216eea5d0130eb15a33a1","url":"https://api.github.com/repos/versioneye/jquery/commits/902cc7947c1c6dd31ff216eea5d0130eb15a33a1"}},{"name":"1.4.3rc2","zipball_url":"https://api.github.com/repos/versioneye/jquery/zipball/1.4.3rc2","tarball_url":"https://api.github.com/repos/versioneye/jquery/tarball/1.4.3rc2","commit":{"sha":"3e5520fbdc7231b3f38e145020b40524c1e6654d","url":"https://api.github.com/repos/versioneye/jquery/commits/3e5520fbdc7231b3f38e145020b40524c1e6654d"}},{"name":"1.4.3rc1","zipball_url":"https://api.github.com/repos/versioneye/jquery/zipball/1.4.3rc1","tarball_url":"https://api.github.com/repos/versioneye/jquery/tarball/1.4.3rc1","commit":{"sha":"66a788ab837fd9b483740ee0b44c1e76f846aadd","url":"https://api.github.com/repos/versioneye/jquery/commits/66a788ab837fd9b483740ee0b44c1e76f846aadd"}},{"name":"1.4.3","zipball_url":"https://api.github.com/repos/versioneye/jquery/zipball/1.4.3","tarball_url":"https://api.github.com/repos/versioneye/jquery/tarball/1.4.3","commit":{"sha":"2d201873ff47b927a8c1efcee07191a47033744c","url":"https://api.github.com/repos/versioneye/jquery/commits/2d201873ff47b927a8c1efcee07191a47033744c"}},{"name":"1.4.2","zipball_url":"https://api.github.com/repos/versioneye/jquery/zipball/1.4.2","tarball_url":"https://api.github.com/repos/versioneye/jquery/tarball/1.4.2","commit":{"sha":"efe51cdf2049906788173390a9e9867f5a5ab47e","url":"https://api.github.com/repos/versioneye/jquery/commits/efe51cdf2049906788173390a9e9867f5a5ab47e"}},{"name":"1.4.1","zipball_url":"https://api.github.com/repos/versioneye/jquery/zipball/1.4.1","tarball_url":"https://api.github.com/repos/versioneye/jquery/tarball/1.4.1","commit":{"sha":"a08ee9a9afd47a81a242180a5c636f2e1645be25","url":"https://api.github.com/repos/versioneye/jquery/commits/a08ee9a9afd47a81a242180a5c636f2e1645be25"}},{"name":"1.4","zipball_url":"https://api.github.com/repos/versioneye/jquery/zipball/1.4","tarball_url":"https://api.github.com/repos/versioneye/jquery/tarball/1.4","commit":{"sha":"d431519d61f55af8bd1714d00126c948d888f3a9","url":"https://api.github.com/repos/versioneye/jquery/commits/d431519d61f55af8bd1714d00126c948d888f3a9"}},{"name":"1.3rc1","zipball_url":"https://api.github.com/repos/versioneye/jquery/zipball/1.3rc1","tarball_url":"https://api.github.com/repos/versioneye/jquery/tarball/1.3rc1","commit":{"sha":"869afc46cd8229f41d82380f01830dd59a0084f7","url":"https://api.github.com/repos/versioneye/jquery/commits/869afc46cd8229f41d82380f01830dd59a0084f7"}},{"name":"1.3b2","zipball_url":"https://api.github.com/repos/versioneye/jquery/zipball/1.3b2","tarball_url":"https://api.github.com/repos/versioneye/jquery/tarball/1.3b2","commit":{"sha":"c786f1097ee26095f2f7eb721a450c550775ba84","url":"https://api.github.com/repos/versioneye/jquery/commits/c786f1097ee26095f2f7eb721a450c550775ba84"}},{"name":"1.3b1","zipball_url":"https://api.github.com/repos/versioneye/jquery/zipball/1.3b1","tarball_url":"https://api.github.com/repos/versioneye/jquery/tarball/1.3b1","commit":{"sha":"df1f656aae019bab1c0e84b41aca26714b4d0d5c","url":"https://api.github.com/repos/versioneye/jquery/commits/df1f656aae019bab1c0e84b41aca26714b4d0d5c"}},{"name":"1.3.2","zipball_url":"https://api.github.com/repos/versioneye/jquery/zipball/1.3.2","tarball_url":"https://api.github.com/repos/versioneye/jquery/tarball/1.3.2","commit":{"sha":"fef476def30f4b1f3cfa902fff11bb761ab6ecfd","url":"https://api.github.com/repos/versioneye/jquery/commits/fef476def30f4b1f3cfa902fff11bb761ab6ecfd"}},{"name":"1.3.1rc1","zipball_url":"https://api.github.com/repos/versioneye/jquery/zipball/1.3.1rc1","tarball_url":"https://api.github.com/repos/versioneye/jquery/tarball/1.3.1rc1","commit":{"sha":"8b79ea13656727e2449807a812dd0fd8c2783aad","url":"https://api.github.com/repos/versioneye/jquery/commits/8b79ea13656727e2449807a812dd0fd8c2783aad"}},{"name":"1.3.1","zipball_url":"https://api.github.com/repos/versioneye/jquery/zipball/1.3.1","tarball_url":"https://api.github.com/repos/versioneye/jquery/tarball/1.3.1","commit":{"sha":"2ff3e49279744ecd099693fa5b7faeb14ca301d8","url":"https://api.github.com/repos/versioneye/jquery/commits/2ff3e49279744ecd099693fa5b7faeb14ca301d8"}},{"name":"1.3","zipball_url":"https://api.github.com/repos/versioneye/jquery/zipball/1.3","tarball_url":"https://api.github.com/repos/versioneye/jquery/tarball/1.3","commit":{"sha":"9988e3877b1308b73ace985f243d47b21fd2ae05","url":"https://api.github.com/repos/versioneye/jquery/commits/9988e3877b1308b73ace985f243d47b21fd2ae05"}},{"name":"1.2.6","zipball_url":"https://api.github.com/repos/versioneye/jquery/zipball/1.2.6","tarball_url":"https://api.github.com/repos/versioneye/jquery/tarball/1.2.6","commit":{"sha":"895df76146e2486c812a3a9bc5ed1585b0176f21","url":"https://api.github.com/repos/versioneye/jquery/commits/895df76146e2486c812a3a9bc5ed1585b0176f21"}},{"name":"1.2.5","zipball_url":"https://api.github.com/repos/versioneye/jquery/zipball/1.2.5","tarball_url":"https://api.github.com/repos/versioneye/jquery/tarball/1.2.5","commit":{"sha":"456d8a62ccf3244c58ace2b315694ad54cfc05e3","url":"https://api.github.com/repos/versioneye/jquery/commits/456d8a62ccf3244c58ace2b315694ad54cfc05e3"}},{"name":"1.2.4b","zipball_url":"https://api.github.com/repos/versioneye/jquery/zipball/1.2.4b","tarball_url":"https://api.github.com/repos/versioneye/jquery/tarball/1.2.4b","commit":{"sha":"44a6f5d0cb7f1124cd80e9b72d1fff9a46fe4c0b","url":"https://api.github.com/repos/versioneye/jquery/commits/44a6f5d0cb7f1124cd80e9b72d1fff9a46fe4c0b"}},{"name":"1.2.4a","zipball_url":"https://api.github.com/repos/versioneye/jquery/zipball/1.2.4a","tarball_url":"https://api.github.com/repos/versioneye/jquery/tarball/1.2.4a","commit":{"sha":"1ba2865b089fc06242004b7003b4f8dcfd92dc13","url":"https://api.github.com/repos/versioneye/jquery/commits/1ba2865b089fc06242004b7003b4f8dcfd92dc13"}},{"name":"1.2.4","zipball_url":"https://api.github.com/repos/versioneye/jquery/zipball/1.2.4","tarball_url":"https://api.github.com/repos/versioneye/jquery/tarball/1.2.4","commit":{"sha":"2db27efd662693dd90fbf89ea1e4bbee7c9fb929","url":"https://api.github.com/repos/versioneye/jquery/commits/2db27efd662693dd90fbf89ea1e4bbee7c9fb929"}},{"name":"1.2.3b","zipball_url":"https://api.github.com/repos/versioneye/jquery/zipball/1.2.3b","tarball_url":"https://api.github.com/repos/versioneye/jquery/tarball/1.2.3b","commit":{"sha":"2c07690377522119891784ec11c89e87f0a12545","url":"https://api.github.com/repos/versioneye/jquery/commits/2c07690377522119891784ec11c89e87f0a12545"}},{"name":"1.2.3a","zipball_url":"https://api.github.com/repos/versioneye/jquery/zipball/1.2.3a","tarball_url":"https://api.github.com/repos/versioneye/jquery/tarball/1.2.3a","commit":{"sha":"32ba00081ddd56c00655d0a7b7825ac947247cc6","url":"https://api.github.com/repos/versioneye/jquery/commits/32ba00081ddd56c00655d0a7b7825ac947247cc6"}},{"name":"1.2.3","zipball_url":"https://api.github.com/repos/versioneye/jquery/zipball/1.2.3","tarball_url":"https://api.github.com/repos/versioneye/jquery/tarball/1.2.3","commit":{"sha":"80568d29cb93f176468db99f5ab0c8dfa21152d7","url":"https://api.github.com/repos/versioneye/jquery/commits/80568d29cb93f176468db99f5ab0c8dfa21152d7"}},{"name":"1.2.2b2","zipball_url":"https://api.github.com/repos/versioneye/jquery/zipball/1.2.2b2","tarball_url":"https://api.github.com/repos/versioneye/jquery/tarball/1.2.2b2","commit":{"sha":"3f839a69c5682419c921a1a2110289c8941556b0","url":"https://api.github.com/repos/versioneye/jquery/commits/3f839a69c5682419c921a1a2110289c8941556b0"}},{"name":"1.2.2b","zipball_url":"https://api.github.com/repos/versioneye/jquery/zipball/1.2.2b","tarball_url":"https://api.github.com/repos/versioneye/jquery/tarball/1.2.2b","commit":{"sha":"13a5fdb6a1571012c3e065a991fb4eff083057fb","url":"https://api.github.com/repos/versioneye/jquery/commits/13a5fdb6a1571012c3e065a991fb4eff083057fb"}},{"name":"1.2.2","zipball_url":"https://api.github.com/repos/versioneye/jquery/zipball/1.2.2","tarball_url":"https://api.github.com/repos/versioneye/jquery/tarball/1.2.2","commit":{"sha":"6c81082a6b20880cbd5d35ec5c50d4270f3af2ce","url":"https://api.github.com/repos/versioneye/jquery/commits/6c81082a6b20880cbd5d35ec5c50d4270f3af2ce"}},{"name":"1.2.1","zipball_url":"https://api.github.com/repos/versioneye/jquery/zipball/1.2.1","tarball_url":"https://api.github.com/repos/versioneye/jquery/tarball/1.2.1","commit":{"sha":"456da2d4a805012003df3c1b173148368d3536f7","url":"https://api.github.com/repos/versioneye/jquery/commits/456da2d4a805012003df3c1b173148368d3536f7"}},{"name":"1.2","zipball_url":"https://api.github.com/repos/versioneye/jquery/zipball/1.2","tarball_url":"https://api.github.com/repos/versioneye/jquery/tarball/1.2","commit":{"sha":"ce256312d518e16a6ee7df5f7f301b8bf9a1caf2","url":"https://api.github.com/repos/versioneye/jquery/commits/ce256312d518e16a6ee7df5f7f301b8bf9a1caf2"}},{"name":"1.1b","zipball_url":"https://api.github.com/repos/versioneye/jquery/zipball/1.1b","tarball_url":"https://api.github.com/repos/versioneye/jquery/tarball/1.1b","commit":{"sha":"d1390665b6e7d475d237cafcf8948440c9adfbf8","url":"https://api.github.com/repos/versioneye/jquery/commits/d1390665b6e7d475d237cafcf8948440c9adfbf8"}},{"name":"1.1a","zipball_url":"https://api.github.com/repos/versioneye/jquery/zipball/1.1a","tarball_url":"https://api.github.com/repos/versioneye/jquery/tarball/1.1a","commit":{"sha":"8bcb016dfaa029a5e98cc3c25b9f999053217f36","url":"https://api.github.com/repos/versioneye/jquery/commits/8bcb016dfaa029a5e98cc3c25b9f999053217f36"}},{"name":"1.1.4","zipball_url":"https://api.github.com/repos/versioneye/jquery/zipball/1.1.4","tarball_url":"https://api.github.com/repos/versioneye/jquery/tarball/1.1.4","commit":{"sha":"557ec9a92f40f97254e48240825fcb9be5a08e20","url":"https://api.github.com/repos/versioneye/jquery/commits/557ec9a92f40f97254e48240825fcb9be5a08e20"}},{"name":"1.1.3a","zipball_url":"https://api.github.com/repos/versioneye/jquery/zipball/1.1.3a","tarball_url":"https://api.github.com/repos/versioneye/jquery/tarball/1.1.3a","commit":{"sha":"19f5cf0c893aa2ba2ffb00c00c7efc1db4383f3e","url":"https://api.github.com/repos/versioneye/jquery/commits/19f5cf0c893aa2ba2ffb00c00c7efc1db4383f3e"}},{"name":"1.1.3.1","zipball_url":"https://api.github.com/repos/versioneye/jquery/zipball/1.1.3.1","tarball_url":"https://api.github.com/repos/versioneye/jquery/tarball/1.1.3.1","commit":{"sha":"f70010b0ad13e3e4d6366287fd79636a9ceca1cd","url":"https://api.github.com/repos/versioneye/jquery/commits/f70010b0ad13e3e4d6366287fd79636a9ceca1cd"}},{"name":"1.1.3","zipball_url":"https://api.github.com/repos/versioneye/jquery/zipball/1.1.3","tarball_url":"https://api.github.com/repos/versioneye/jquery/tarball/1.1.3","commit":{"sha":"fdd437800d983346c5936abedcf292c2a612b892","url":"https://api.github.com/repos/versioneye/jquery/commits/fdd437800d983346c5936abedcf292c2a612b892"}},{"name":"1.1.2","zipball_url":"https://api.github.com/repos/versioneye/jquery/zipball/1.1.2","tarball_url":"https://api.github.com/repos/versioneye/jquery/tarball/1.1.2","commit":{"sha":"92973279ea26c415f505d187276460115c668f17","url":"https://api.github.com/repos/versioneye/jquery/commits/92973279ea26c415f505d187276460115c668f17"}},{"name":"1.1.1","zipball_url":"https://api.github.com/repos/versioneye/jquery/zipball/1.1.1","tarball_url":"https://api.github.com/repos/versioneye/jquery/tarball/1.1.1","commit":{"sha":"2550b1ea6a6eb6ba50d378a5dcfbc8146ca88bff","url":"https://api.github.com/repos/versioneye/jquery/commits/2550b1ea6a6eb6ba50d378a5dcfbc8146ca88bff"}},{"name":"1.1","zipball_url":"https://api.github.com/repos/versioneye/jquery/zipball/1.1","tarball_url":"https://api.github.com/repos/versioneye/jquery/tarball/1.1","commit":{"sha":"2aa67026ebe6bea90fd137fc99b4c9422977e3f0","url":"https://api.github.com/repos/versioneye/jquery/commits/2aa67026ebe6bea90fd137fc99b4c9422977e3f0"}},{"name":"1.0a","zipball_url":"https://api.github.com/repos/versioneye/jquery/zipball/1.0a","tarball_url":"https://api.github.com/repos/versioneye/jquery/tarball/1.0a","commit":{"sha":"73f55becc5e056ad28f6aec22ec014ffb3ab913b","url":"https://api.github.com/repos/versioneye/jquery/commits/73f55becc5e056ad28f6aec22ec014ffb3ab913b"}},{"name":"1.0.4","zipball_url":"https://api.github.com/repos/versioneye/jquery/zipball/1.0.4","tarball_url":"https://api.github.com/repos/versioneye/jquery/tarball/1.0.4","commit":{"sha":"ed37ca66e5f79b4250f38cbd7a7f809ebfc15a20","url":"https://api.github.com/repos/versioneye/jquery/commits/ed37ca66e5f79b4250f38cbd7a7f809ebfc15a20"}},{"name":"1.0.3","zipball_url":"https://api.github.com/repos/versioneye/jquery/zipball/1.0.3","tarball_url":"https://api.github.com/repos/versioneye/jquery/tarball/1.0.3","commit":{"sha":"4e3da33c59fafe34e237585743e86e24ba81046e","url":"https://api.github.com/repos/versioneye/jquery/commits/4e3da33c59fafe34e237585743e86e24ba81046e"}},{"name":"1.0.2","zipball_url":"https://api.github.com/repos/versioneye/jquery/zipball/1.0.2","tarball_url":"https://api.github.com/repos/versioneye/jquery/tarball/1.0.2","commit":{"sha":"dbee06de85859af59591813d3004e6695b8bb278","url":"https://api.github.com/repos/versioneye/jquery/commits/dbee06de85859af59591813d3004e6695b8bb278"}},{"name":"1.0.1","zipball_url":"https://api.github.com/repos/versioneye/jquery/zipball/1.0.1","tarball_url":"https://api.github.com/repos/versioneye/jquery/tarball/1.0.1","commit":{"sha":"bcc8a837055fe720579628d758b7034d6b520f2e","url":"https://api.github.com/repos/versioneye/jquery/commits/bcc8a837055fe720579628d758b7034d6b520f2e"}},{"name":"1.0","zipball_url":"https://api.github.com/repos/versioneye/jquery/zipball/1.0","tarball_url":"https://api.github.com/repos/versioneye/jquery/tarball/1.0","commit":{"sha":"bcc8a837055fe720579628d758b7034d6b520f2e","url":"https://api.github.com/repos/versioneye/jquery/commits/bcc8a837055fe720579628d758b7034d6b520f2e"}}]'
    http_version: 
  recorded_at: Sat, 01 Feb 2014 17:49:53 GMT
- request:
    method: get
    uri: https://api.github.com/rate_limit
    body:
      encoding: US-ASCII
      string: ''
    headers:
      Accept:
      - application/vnd.github.v3+json
      User-Agent:
      - Chrome/28(www.versioneye.com, contact@versioneye.com)
      Connection:
      - Keep-Alive
      - keep-alive
      Authorization:
      - token 8db49bc64f46ec9d73a4570903a24bf997b32a7e
      Keep-Alive:
      - 30
  response:
    status:
      code: 200
      message: OK
    headers:
      Server:
      - GitHub.com
      Date:
      - Wed, 05 Feb 2014 15:26:24 GMT
      Content-Type:
      - application/json; charset=utf-8
      Status:
      - 200 OK
      X-Ratelimit-Limit:
      - '5000'
      X-Ratelimit-Remaining:
      - '4948'
      X-Ratelimit-Reset:
      - '1391615089'
      Cache-Control:
      - no-cache
      X-Oauth-Scopes:
      - user, public_repo, repo, gist
      X-Accepted-Oauth-Scopes:
      - repo
      X-Github-Media-Type:
      - github.v3; format=json
      X-Content-Type-Options:
      - nosniff
      Content-Length:
      - '187'
      Access-Control-Allow-Credentials:
      - 'true'
      Access-Control-Expose-Headers:
      - ETag, Link, X-RateLimit-Limit, X-RateLimit-Remaining, X-RateLimit-Reset, X-OAuth-Scopes,
        X-Accepted-OAuth-Scopes, X-Poll-Interval
      Access-Control-Allow-Origin:
      - "*"
      X-Github-Request-Id:
      - 5CC605F2:53AC:159A4AE:52F25820
      Vary:
      - Accept-Encoding
    body:
      encoding: UTF-8
      string: '{"resources":{"core":{"limit":5000,"remaining":4948,"reset":1391615089},"search":{"limit":30,"remaining":30,"reset":1391614044}},"rate":{"limit":5000,"remaining":4948,"reset":1391615089}}'
    http_version: 
  recorded_at: Wed, 05 Feb 2014 15:26:24 GMT
- request:
    method: get
    uri: https://api.github.com/rate_limit
    body:
      encoding: US-ASCII
      string: ''
    headers:
      Accept:
      - application/vnd.github.v3+json
      User-Agent:
      - Octokit Ruby Gem 3.1.0
      Authorization:
      - token 8db49bc64f46ec9d73a4570903a24bf997b32a7e
      Accept-Encoding:
      - gzip;q=1.0,deflate;q=0.6,identity;q=0.3
  response:
    status:
      code: 200
      message: OK
    headers:
      Server:
      - GitHub.com
      Date:
      - Tue, 13 May 2014 12:54:59 GMT
      Content-Type:
      - application/json; charset=utf-8
      Transfer-Encoding:
      - chunked
      Status:
      - 200 OK
      X-Ratelimit-Limit:
      - '5000'
      X-Ratelimit-Remaining:
      - '4996'
      X-Ratelimit-Reset:
      - '1399989041'
      Cache-Control:
      - no-cache
      X-Oauth-Scopes:
      - gist, repo, user
      X-Accepted-Oauth-Scopes:
      - repo
      X-Github-Media-Type:
      - github.v3; format=json
      X-Xss-Protection:
      - 1; mode=block
      X-Frame-Options:
      - deny
      Content-Security-Policy:
      - default-src 'none'
      Access-Control-Allow-Credentials:
      - 'true'
      Access-Control-Expose-Headers:
      - ETag, Link, X-GitHub-OTP, X-RateLimit-Limit, X-RateLimit-Remaining, X-RateLimit-Reset,
        X-OAuth-Scopes, X-Accepted-OAuth-Scopes, X-Poll-Interval
      Access-Control-Allow-Origin:
      - "*"
      X-Github-Request-Id:
      - 5DBEFA5B:545D:23D237C:53721623
      Strict-Transport-Security:
      - max-age=31536000
      X-Content-Type-Options:
      - nosniff
      Vary:
      - Accept-Encoding
      X-Served-By:
      - 3061975e1f37121b3751604ad153c687
    body:
      encoding: UTF-8
      string: '{"resources":{"core":{"limit":5000,"remaining":4996,"reset":1399989041},"search":{"limit":30,"remaining":30,"reset":1399985759}},"rate":{"limit":5000,"remaining":4996,"reset":1399989041}}'
    http_version: 
  recorded_at: Tue, 13 May 2014 12:54:59 GMT
- request:
    method: get
    uri: https://api.github.com/rate_limit
    body:
      encoding: US-ASCII
      string: ''
    headers:
      Accept:
      - application/vnd.github.v3+json
      User-Agent:
      - Octokit Ruby Gem 3.1.0
      Authorization:
      - token 8db49bc64f46ec9d73a4570903a24bf997b32a7e
      Accept-Encoding:
      - gzip;q=1.0,deflate;q=0.6,identity;q=0.3
  response:
    status:
      code: 200
      message: OK
    headers:
      Server:
      - GitHub.com
      Date:
      - Tue, 13 May 2014 12:55:00 GMT
      Content-Type:
      - application/json; charset=utf-8
      Transfer-Encoding:
      - chunked
      Status:
      - 200 OK
      X-Ratelimit-Limit:
      - '5000'
      X-Ratelimit-Remaining:
      - '4996'
      X-Ratelimit-Reset:
      - '1399989041'
      Cache-Control:
      - no-cache
      X-Oauth-Scopes:
      - gist, repo, user
      X-Accepted-Oauth-Scopes:
      - repo
      X-Github-Media-Type:
      - github.v3; format=json
      X-Xss-Protection:
      - 1; mode=block
      X-Frame-Options:
      - deny
      Content-Security-Policy:
      - default-src 'none'
      Access-Control-Allow-Credentials:
      - 'true'
      Access-Control-Expose-Headers:
      - ETag, Link, X-GitHub-OTP, X-RateLimit-Limit, X-RateLimit-Remaining, X-RateLimit-Reset,
        X-OAuth-Scopes, X-Accepted-OAuth-Scopes, X-Poll-Interval
      Access-Control-Allow-Origin:
      - "*"
      X-Github-Request-Id:
      - 5DBEFA5B:545E:2B2291E:53721624
      Strict-Transport-Security:
      - max-age=31536000
      X-Content-Type-Options:
      - nosniff
      Vary:
      - Accept-Encoding
      X-Served-By:
      - 971af40390ac4398fcdd45c8dab0fbe7
    body:
      encoding: UTF-8
      string: '{"resources":{"core":{"limit":5000,"remaining":4996,"reset":1399989041},"search":{"limit":30,"remaining":30,"reset":1399985760}},"rate":{"limit":5000,"remaining":4996,"reset":1399989041}}'
    http_version: 
  recorded_at: Tue, 13 May 2014 12:55:00 GMT
recorded_with: VCR 2.9.0
